// Jest Snapshot v1, https://goo.gl/fbAQLP

exports[`App snapshot 1`] = `
<div>
  <nav
    class="navbar navbar-expand navbar-light bg-light"
  >
    <button
      class="navbar-brand"
    >
      Awesome App
    </button>
    <div
      id="navbarSupportedContent"
    >
      <ul
        class="navbar-nav mr-auto"
      >
        <li
          class="nav-item"
        >
          <a
            class="nav-link"
            href="#home"
          >
            Home
            
          </a>
        </li>
        <li
          class="nav-item"
        >
          <a
            class="nav-link"
            href="#counterz"
          >
            Counterz
            <span
              class="ml-1 badge badge-pill badge-primary"
            >
              0
            </span>
          </a>
        </li>
        <li
          class="nav-item active"
        >
          <a
            class="nav-link"
            href="#todoz"
          >
            Todoz
            <span
              class="ml-1 badge badge-pill badge-primary"
            >
              0/0
            </span>
            <span
              class="sr-only"
            >
              (current)
            </span>
          </a>
        </li>
      </ul>
    </div>
  </nav>
  <div
    class="container page"
  >
    <h1>
      Todoz
    </h1>
    <p>
      Loading…
    </p>
  </div>
</div>
`;

exports[`renders learn react link 1`] = `
<div>
  <nav
    class="navbar navbar-expand navbar-light bg-light"
  >
    <button
      class="navbar-brand"
    >
      Awesome App
    </button>
    <div
      id="navbarSupportedContent"
    >
      <ul
        class="navbar-nav mr-auto"
      >
        <li
          class="nav-item"
        >
          <a
            class="nav-link"
            href="#home"
          >
            Home
            
          </a>
        </li>
        <li
          class="nav-item"
        >
          <a
            class="nav-link"
            href="#counterz"
          >
            Counterz
            <span
              class="ml-1 badge badge-pill badge-primary"
            >
              0
            </span>
          </a>
        </li>
        <li
          class="nav-item active"
        >
          <a
            class="nav-link"
            href="#todoz"
          >
            Todoz
            <span
              class="ml-1 badge badge-pill badge-primary"
            >
              0/0
            </span>
            <span
              class="sr-only"
            >
              (current)
            </span>
          </a>
        </li>
      </ul>
    </div>
  </nav>
  <div
    class="container page"
  >
    <h1>
      Todoz
    </h1>
    <p>
      Loading…
    </p>
  </div>
</div>
`;
