// Jest Snapshot v1, https://goo.gl/fbAQLP

exports[`Simple snapshot 1`] = `
<div>
  <p>
    Bonjour, 
    <strong>
      le monde
    </strong>
    .
  </p>
</div>
`;
